// Vitest Snapshot v1, https://vitest.dev/guide/snapshot.html

exports[`createRealityClient > Universe readAllEntities 1`] = `
{
  "w0UvMR1XlVEjjNSaBn9F1qSkDPoIaWHJXzp5G5jjdAo": {
    "Interaction": {
      "Type": "Warp",
    },
    "Position": [
      0,
    ],
    "Type": "Unknown",
  },
}
`;

exports[`createRealityClient > Universe readInfo 1`] = `
{
  "Dimensions": 1,
  "Name": "Universe",
  "Parent": "96CutVBhNwtNzdT_zY_Fxdj6S_AjDJre3AA1gJgidro",
  "Render-With": "1D-Directory",
}
`;

exports[`createRealityClient > Universe readParameters 1`] = `[]`;

exports[`createRealityClient > creates client 1`] = `
{
  "aoContractClient": {
    "aoClient": {
      "assign": [Function],
      "dryrun": [Function],
      "message": [Function],
      "monitor": [Function],
      "result": [Function],
      "results": [Function],
      "spawn": [Function],
      "unmonitor": [Function],
    },
    "aoWallet": {
      "address": "HHz5nNVEzkALjmZq8cdIdubMBJCpIFOvzO5uHfU5nQI",
      "anonymous": false,
      "signer": [Function],
      "type": "Keyfile",
    },
    "dryrunReadReplyOne": [Function],
    "dryrunReadReplyOneJson": [Function],
    "dryrunReadReplyOptional": [Function],
    "message": [Function],
    "processId": "PHHOfjFPSbn7TQT1Z-dB4ndyIyppHV5haMPCg8dIccs",
  },
  "createEntity": [Function],
  "readEntitiesDynamic": [Function],
  "readEntitiesStatic": [Function],
  "readInfo": [Function],
  "readParameters": [Function],
  "updateEntityPosition": [Function],
  "worldId": "PHHOfjFPSbn7TQT1Z-dB4ndyIyppHV5haMPCg8dIccs",
}
`;
