// Vitest Snapshot v1, https://vitest.dev/guide/snapshot.html

exports[`createApiClient > creates client 1`] = `
{
  "aoContractClient": {
    "aoClient": {
      "assign": [Function],
      "dryrun": [Function],
      "message": [Function],
      "monitor": [Function],
      "result": [Function],
      "results": [Function],
      "spawn": [Function],
      "unmonitor": [Function],
    },
    "aoWallet": {
      "address": "HHz5nNVEzkALjmZq8cdIdubMBJCpIFOvzO5uHfU5nQI",
      "anonymous": false,
      "signer": [Function],
      "type": "Keyfile",
    },
    "dryrunReadReplyOne": [Function],
    "dryrunReadReplyOneJson": [Function],
    "dryrunReadReplyOptional": [Function],
    "message": [Function],
    "processId": "y_obnQk5mkphKlulM7v1Xyn6IhJKZGhP_BC1qLJq46w",
  },
  "readApi": [Function],
}
`;

exports[`createApiClient > read Api 1`] = `
{
  "Petition": {
    "Description": "You must stake some $CRED for a chance to earn $LLAMA",
    "Schema": {
      "Tags": {
        "properties": {
          "Action": {
            "const": "Petition",
            "type": "string",
          },
          "Offering": {
            "maximum": 100,
            "minimum": 1,
            "type": "integer",
          },
          "Prompt": {
            "maxLength": 100,
            "minLength": 2,
            "type": "string",
          },
        },
        "required": [
          "Action",
          "Offering",
          "Prompt",
        ],
        "type": "object",
      },
    },
    "Title": "Petition the LlamaFed",
  },
}
`;
