// Vitest Snapshot v1, https://vitest.dev/guide/snapshot.html

exports[`createSchemaClient > creates client 1`] = `
{
  "aoContractClient": {
    "aoClient": {
      "assign": [Function],
      "dryrun": [Function],
      "message": [Function],
      "monitor": [Function],
      "result": [Function],
      "results": [Function],
      "spawn": [Function],
      "unmonitor": [Function],
    },
    "aoWallet": {
      "address": "HHz5nNVEzkALjmZq8cdIdubMBJCpIFOvzO5uHfU5nQI",
      "anonymous": false,
      "signer": [Function],
      "type": "Keyfile",
    },
    "dryrunReadReplyOne": [Function],
    "dryrunReadReplyOneJson": [Function],
    "dryrunReadReplyOptional": [Function],
    "message": [Function],
    "processId": "y_obnQk5mkphKlulM7v1Xyn6IhJKZGhP_BC1qLJq46w",
  },
  "readSchema": [Function],
  "readSchemaExternal": [Function],
}
`;
