// Vitest Snapshot v1, https://vitest.dev/guide/snapshot.html

exports[`createChatClient > creates client 1`] = `
{
  "aoContractClient": {
    "aoClient": {
      "assign": [Function],
      "dryrun": [Function],
      "message": [Function],
      "monitor": [Function],
      "result": [Function],
      "results": [Function],
      "spawn": [Function],
      "unmonitor": [Function],
    },
    "aoWallet": {
      "address": "HHz5nNVEzkALjmZq8cdIdubMBJCpIFOvzO5uHfU5nQI",
      "anonymous": false,
      "signer": [Function],
      "type": "Keyfile",
    },
    "dryrunReadReplyOne": [Function],
    "dryrunReadReplyOneJson": [Function],
    "dryrunReadReplyOptional": [Function],
    "message": [Function],
    "processId": "9a_YP6M7iN7b6QUoSvpoV3oe3CqxosyuJnraCucy5ss",
  },
  "postMessage": [Function],
  "readCount": [Function],
  "readHistory": [Function],
}
`;
