// Vitest Snapshot v1, https://vitest.dev/guide/snapshot.html

exports[`createVerseClient > Universe readAllEntities 1`] = `
{
  "WLPqzYek-4TnqlL9KELiNz6qbHyilptnYUIRCMPrfTk": {
    "Position": [
      0,
    ],
    "Type": "Warp",
  },
}
`;

exports[`createVerseClient > Universe readInfo 1`] = `
{
  "Dimensions": 1,
  "Name": "Universe",
  "Parent": "kSmXTDthb613G8ka3UKW2lL8sQBANP54CG8dC8ZVbWs",
  "Render-With": "1D-Directory",
}
`;

exports[`createVerseClient > Universe readParameters 1`] = `[]`;

exports[`createVerseClient > creates client 1`] = `
{
  "aoContractClient": {
    "aoClient": {
      "assign": [Function],
      "dryrun": [Function],
      "message": [Function],
      "monitor": [Function],
      "result": [Function],
      "results": [Function],
      "spawn": [Function],
      "unmonitor": [Function],
    },
    "aoWallet": {
      "address": "HHz5nNVEzkALjmZq8cdIdubMBJCpIFOvzO5uHfU5nQI",
      "anonymous": false,
      "signer": [Function],
      "type": "Keyfile",
    },
    "dryrunReadReplyOne": [Function],
    "dryrunReadReplyOneJson": [Function],
    "dryrunReadReplyOptional": [Function],
    "message": [Function],
    "processId": "PHHOfjFPSbn7TQT1Z-dB4ndyIyppHV5haMPCg8dIccs",
  },
  "readAllEntities": [Function],
  "readEntities": [Function],
  "readInfo": [Function],
  "readParameters": [Function],
  "writePosition": [Function],
}
`;
